2026-04-02 11:24:32 - config - DEBUG - 正在加载配置文件: ./config/settings.yaml
2026-04-02 11:24:32 - config - INFO - 配置文件加载成功
2026-04-02 11:24:32 - validator - INFO - 配置校验通过
2026-04-02 11:24:32 - weather_fetcher - INFO - 正在获取 北京 的天气数据...
2026-04-02 11:24:32 - weather_fetcher - WARNING - OpenWeatherMap API失败，使用模拟数据: 未配置API密钥
2026-04-02 11:24:32 - validator - DEBUG - 天气数据校验通过
2026-04-02 11:24:32 - weather_fetcher - INFO - 成功获取 北京 的天气数据
2026-04-02 11:24:32 - __main__ - ERROR - 获取天气数据失败: 'gbk' codec can't encode character '\U0001f324' in position 54: illegal multibyte sequence
2026-04-02 11:24:32 - __main__ - ERROR - 执行失败: 'gbk' codec can't encode character '\u274c' in position 2: illegal multibyte sequence
2026-04-02 11:24:32 - __main__ - INFO - 正在停止定时任务...
2026-04-02 11:24:32 - __main__ - INFO - 定时任务已停止
2026-04-02 11:26:08 - config - DEBUG - 正在加载配置文件: ./config/settings.yaml
2026-04-02 11:26:08 - config - INFO - 配置文件加载成功
2026-04-02 11:26:08 - validator - INFO - 配置校验通过
2026-04-02 11:26:08 - weather_fetcher - INFO - 正在获取 北京 的天气数据...
2026-04-02 11:26:08 - weather_fetcher - WARNING - OpenWeatherMap API失败，使用模拟数据: 未配置API密钥
2026-04-02 11:26:08 - validator - DEBUG - 天气数据校验通过
2026-04-02 11:26:08 - weather_fetcher - INFO - 成功获取 北京 的天气数据
2026-04-02 11:26:08 - utils - INFO - 天气数据已保存到: ./output\weather_20260402.txt
2026-04-02 11:26:08 - __main__ - INFO - 正在停止定时任务...
2026-04-02 11:26:08 - __main__ - INFO - 定时任务已停止
